2026-10-07 15:49:51,212 - INFO - Pipeline käivitus.
2026-10-07 15:49:51,212 - INFO - Extract etapp algas.
2026-10-07 15:49:52,150 - INFO - HTTP Request: GET https://qirlefyrafbhdcipcans.supabase.co/rest/v1/sales?select=%2A&sale_date=gte.2023-01-01&sale_date=lte.2026-12-31&offset=0&limit=1000 "HTTP/2 200 OK"
2026-10-07 15:49:52,290 - INFO - HTTP Request: GET https://qirlefyrafbhdcipcans.supabase.co/rest/v1/sales?select=%2A&sale_date=gte.2023-01-01&sale_date=lte.2026-12-31&offset=1000&limit=1000 "HTTP/2 200 OK"
2026-10-07 15:49:52,427 - INFO - HTTP Request: GET https://qirlefyrafbhdcipcans.supabase.co/rest/v1/sales?select=%2A&sale_date=gte.2023-01-01&sale_date=lte.2026-12-31&offset=2000&limit=1000 "HTTP/2 200 OK"
2026-10-07 15:49:52,618 - INFO - HTTP Request: GET https://qirlefyrafbhdcipcans.supabase.co/rest/v1/sales?select=%2A&sale_date=gte.2023-01-01&sale_date=lte.2026-12-31&offset=3000&limit=1000 "HTTP/2 200 OK"
2026-10-07 15:49:52,782 - INFO - HTTP Request: GET https://qirlefyrafbhdcipcans.supabase.co/rest/v1/sales?select=%2A&sale_date=gte.2023-01-01&sale_date=lte.2026-12-31&offset=4000&limit=1000 "HTTP/2 200 OK"
2026-10-07 15:49:52,933 - INFO - HTTP Request: GET https://qirlefyrafbhdcipcans.supabase.co/rest/v1/sales?select=%2A&sale_date=gte.2023-01-01&sale_date=lte.2026-12-31&offset=5000&limit=1000 "HTTP/2 200 OK"
2026-10-07 15:49:53,118 - INFO - HTTP Request: GET https://qirlefyrafbhdcipcans.supabase.co/rest/v1/sales?select=%2A&sale_date=gte.2023-01-01&sale_date=lte.2026-12-31&offset=6000&limit=1000 "HTTP/2 200 OK"
2026-10-07 15:49:53,245 - INFO - HTTP Request: GET https://qirlefyrafbhdcipcans.supabase.co/rest/v1/sales?select=%2A&sale_date=gte.2023-01-01&sale_date=lte.2026-12-31&offset=7000&limit=1000 "HTTP/2 200 OK"
2026-10-07 15:49:53,350 - INFO - HTTP Request: GET https://qirlefyrafbhdcipcans.supabase.co/rest/v1/sales?select=%2A&sale_date=gte.2023-01-01&sale_date=lte.2026-12-31&offset=8000&limit=1000 "HTTP/2 200 OK"
2026-10-07 15:49:53,468 - INFO - HTTP Request: GET https://qirlefyrafbhdcipcans.supabase.co/rest/v1/sales?select=%2A&sale_date=gte.2023-01-01&sale_date=lte.2026-12-31&offset=9000&limit=1000 "HTTP/2 200 OK"
2026-10-07 15:49:53,597 - INFO - HTTP Request: GET https://qirlefyrafbhdcipcans.supabase.co/rest/v1/sales?select=%2A&sale_date=gte.2023-01-01&sale_date=lte.2026-12-31&offset=10000&limit=1000 "HTTP/2 200 OK"
2026-10-07 15:49:53,699 - INFO - HTTP Request: GET https://qirlefyrafbhdcipcans.supabase.co/rest/v1/sales?select=%2A&sale_date=gte.2023-01-01&sale_date=lte.2026-12-31&offset=11000&limit=1000 "HTTP/2 200 OK"
2026-10-07 15:49:53,832 - INFO - HTTP Request: GET https://qirlefyrafbhdcipcans.supabase.co/rest/v1/customers_py?select=%2A&offset=0&limit=1000 "HTTP/2 200 OK"
2026-10-07 15:49:53,943 - INFO - HTTP Request: GET https://qirlefyrafbhdcipcans.supabase.co/rest/v1/customers_py?select=%2A&offset=1000&limit=1000 "HTTP/2 200 OK"
2026-10-07 15:49:54,089 - INFO - HTTP Request: GET https://qirlefyrafbhdcipcans.supabase.co/rest/v1/customers_py?select=%2A&offset=2000&limit=1000 "HTTP/2 200 OK"
2026-10-07 15:49:54,231 - INFO - HTTP Request: GET https://qirlefyrafbhdcipcans.supabase.co/rest/v1/customers_py?select=%2A&offset=3000&limit=1000 "HTTP/2 200 OK"
2026-10-07 15:49:54,333 - INFO - HTTP Request: GET https://qirlefyrafbhdcipcans.supabase.co/rest/v1/customers_py?select=%2A&offset=4000&limit=1000 "HTTP/2 200 OK"
2026-10-07 15:49:54,464 - INFO - HTTP Request: GET https://qirlefyrafbhdcipcans.supabase.co/rest/v1/products?select=%2A&offset=0&limit=1000 "HTTP/2 200 OK"
2026-10-07 15:49:54,541 - INFO - HTTP Request: GET https://qirlefyrafbhdcipcans.supabase.co/rest/v1/products?select=%2A&offset=1000&limit=1000 "HTTP/2 200 OK"
2026-10-07 15:49:54,552 - INFO - Extract valmis: müük 10118 rida, kliendid 3150 rida, tooted 362 rida.
2026-10-07 15:49:54,552 - INFO - Transform etapp algas.
2026-10-07 15:49:54,642 - INFO - Transform valmis: puhastatud müük 8888 rida, nädalaid 183, liidetud andmestik 8888 rida.
2026-10-07 15:49:54,642 - INFO - Visualiseerimise etapp algas.
2026-10-07 15:49:55,400 - INFO - Visualiseerimise etapp valmis.
2026-10-07 15:49:55,400 - INFO - Ekspordi etapp algas.
2026-10-07 15:49:55,555 - INFO - Ekspordi etapp valmis.
2026-10-07 15:49:55,556 - INFO - Pipeline lõpetatud edukalt.
2026-10-07 15:49:55,568 - ERROR - Pipeline ebaõnnestus: No module named 'openpyxl'
2026-10-07 16:00:04,221 - INFO - Pipeline käivitus.
2026-10-07 16:00:04,222 - INFO - Extract etapp algas.
2026-10-07 16:00:05,175 - INFO - HTTP Request: GET https://qirlefyrafbhdcipcans.supabase.co/rest/v1/sales?select=%2A&sale_date=gte.2023-01-01&sale_date=lte.2026-12-31&offset=0&limit=1000 "HTTP/2 200 OK"
2026-10-07 16:00:05,306 - INFO - HTTP Request: GET https://qirlefyrafbhdcipcans.supabase.co/rest/v1/sales?select=%2A&sale_date=gte.2023-01-01&sale_date=lte.2026-12-31&offset=1000&limit=1000 "HTTP/2 200 OK"
2026-10-07 16:00:05,510 - INFO - HTTP Request: GET https://qirlefyrafbhdcipcans.supabase.co/rest/v1/sales?select=%2A&sale_date=gte.2023-01-01&sale_date=lte.2026-12-31&offset=2000&limit=1000 "HTTP/2 200 OK"
2026-10-07 16:00:05,632 - INFO - HTTP Request: GET https://qirlefyrafbhdcipcans.supabase.co/rest/v1/sales?select=%2A&sale_date=gte.2023-01-01&sale_date=lte.2026-12-31&offset=3000&limit=1000 "HTTP/2 200 OK"
2026-10-07 16:00:05,757 - INFO - HTTP Request: GET https://qirlefyrafbhdcipcans.supabase.co/rest/v1/sales?select=%2A&sale_date=gte.2023-01-01&sale_date=lte.2026-12-31&offset=4000&limit=1000 "HTTP/2 200 OK"
2026-10-07 16:00:05,876 - INFO - HTTP Request: GET https://qirlefyrafbhdcipcans.supabase.co/rest/v1/sales?select=%2A&sale_date=gte.2023-01-01&sale_date=lte.2026-12-31&offset=5000&limit=1000 "HTTP/2 200 OK"
2026-10-07 16:00:06,010 - INFO - HTTP Request: GET https://qirlefyrafbhdcipcans.supabase.co/rest/v1/sales?select=%2A&sale_date=gte.2023-01-01&sale_date=lte.2026-12-31&offset=6000&limit=1000 "HTTP/2 200 OK"
2026-10-07 16:00:06,141 - INFO - HTTP Request: GET https://qirlefyrafbhdcipcans.supabase.co/rest/v1/sales?select=%2A&sale_date=gte.2023-01-01&sale_date=lte.2026-12-31&offset=7000&limit=1000 "HTTP/2 200 OK"
2026-10-07 16:00:06,258 - INFO - HTTP Request: GET https://qirlefyrafbhdcipcans.supabase.co/rest/v1/sales?select=%2A&sale_date=gte.2023-01-01&sale_date=lte.2026-12-31&offset=8000&limit=1000 "HTTP/2 200 OK"
2026-10-07 16:00:06,358 - INFO - HTTP Request: GET https://qirlefyrafbhdcipcans.supabase.co/rest/v1/sales?select=%2A&sale_date=gte.2023-01-01&sale_date=lte.2026-12-31&offset=9000&limit=1000 "HTTP/2 200 OK"
2026-10-07 16:00:06,491 - INFO - HTTP Request: GET https://qirlefyrafbhdcipcans.supabase.co/rest/v1/sales?select=%2A&sale_date=gte.2023-01-01&sale_date=lte.2026-12-31&offset=10000&limit=1000 "HTTP/2 200 OK"
2026-10-07 16:00:06,658 - INFO - HTTP Request: GET https://qirlefyrafbhdcipcans.supabase.co/rest/v1/sales?select=%2A&sale_date=gte.2023-01-01&sale_date=lte.2026-12-31&offset=11000&limit=1000 "HTTP/2 200 OK"
2026-10-07 16:00:06,790 - INFO - HTTP Request: GET https://qirlefyrafbhdcipcans.supabase.co/rest/v1/customers_py?select=%2A&offset=0&limit=1000 "HTTP/2 200 OK"
2026-10-07 16:00:06,892 - INFO - HTTP Request: GET https://qirlefyrafbhdcipcans.supabase.co/rest/v1/customers_py?select=%2A&offset=1000&limit=1000 "HTTP/2 200 OK"
2026-10-07 16:00:07,007 - INFO - HTTP Request: GET https://qirlefyrafbhdcipcans.supabase.co/rest/v1/customers_py?select=%2A&offset=2000&limit=1000 "HTTP/2 200 OK"
2026-10-07 16:00:07,142 - INFO - HTTP Request: GET https://qirlefyrafbhdcipcans.supabase.co/rest/v1/customers_py?select=%2A&offset=3000&limit=1000 "HTTP/2 200 OK"
2026-10-07 16:00:07,225 - INFO - HTTP Request: GET https://qirlefyrafbhdcipcans.supabase.co/rest/v1/customers_py?select=%2A&offset=4000&limit=1000 "HTTP/2 200 OK"
2026-10-07 16:00:07,325 - INFO - HTTP Request: GET https://qirlefyrafbhdcipcans.supabase.co/rest/v1/products?select=%2A&offset=0&limit=1000 "HTTP/2 200 OK"
2026-10-07 16:00:07,393 - INFO - HTTP Request: GET https://qirlefyrafbhdcipcans.supabase.co/rest/v1/products?select=%2A&offset=1000&limit=1000 "HTTP/2 200 OK"
2026-10-07 16:00:07,393 - INFO - Extract valmis: müük 10118 rida, kliendid 3150 rida, tooted 362 rida.
2026-10-07 16:00:07,393 - INFO - Transform etapp algas.
2026-10-07 16:00:07,611 - INFO - Transform valmis: puhastatud müük 8888 rida, nädalaid 183, liidetud andmestik 8888 rida.
2026-10-07 16:00:07,611 - INFO - Visualiseerimise etapp algas.
2026-10-07 16:00:08,307 - INFO - Visualiseerimise etapp valmis.
2026-10-07 16:00:08,307 - INFO - Ekspordi etapp algas.
2026-10-07 16:00:08,449 - INFO - Ekspordi etapp valmis.
2026-10-07 16:00:08,975 - INFO - Pipeline lõpetatud edukalt.
